[stephen.iceztech.com/index.html]
[backblue.gif]
[fade.gif]
[index.html]
[stephen.iceztech.com/css/plugins.css]
[stephen.iceztech.com/css/dark.css]
[stephen.iceztech.com/css/style.css]
[stephen.iceztech.com/img/logo/fav1.png]
[stephen.iceztech.com/img/hero/1661869748791.jpg]
[stephen.iceztech.com/img/svg/cancel.svg]
[stephen.iceztech.com/stephen-cv.pdf]
[stephen.iceztech.com/img/svg/archive.svg]
[stephen.iceztech.com/img/svg/contacs.svg]
[stephen.iceztech.com/img/svg/briefcase.svg]
[stephen.iceztech.com/img/svg/gear.svg]
[stephen.iceztech.com/img/svg/letter.svg]
[stephen.iceztech.com/img/svg/shapes/9.svg]
[stephen.iceztech.com/img/svg/shapes/dot-2.svg]
[stephen.iceztech.com/img/svg/shapes/dot.svg]
[stephen.iceztech.com/img/svg/shapes/3.svg]
[stephen.iceztech.com/img/thumbs/35-44.jpg]
[stephen.iceztech.com/img/hero/1661872585751.jpg]
[stephen.iceztech.com/img/portfolio/a1.jpg]
[stephen.iceztech.com/img/portfolio/a.jpg]
[stephen.iceztech.com/img/portfolio/b1.jpg]
[stephen.iceztech.com/img/portfolio/b.jpg]
[stephen.iceztech.com/img/portfolio/c1.jpg]
[stephen.iceztech.com/img/portfolio/c.jpg]
[stephen.iceztech.com/img/svg/squares.svg]
[stephen.iceztech.com/img/svg/physics.svg]
[stephen.iceztech.com/img/svg/web.svg]
[stephen.iceztech.com/img/svg/user.svg]
[stephen.iceztech.com/img/svg/writing_2.svg]
[stephen.iceztech.com/img/svg/smartphone.svg]
[stephen.iceztech.com/img/svg/placeholder.svg]
[stephen.iceztech.com/js/jquery.js]
[stephen.iceztech.com/index.html]
[stephen.iceztech.com/js/init.js]
[stephen.iceztech.com/css/font/xcon81588158.html]
[stephen.iceztech.com/css/font/xcon8158-28158.html]
[stephen.iceztech.com/css/font/xcon8158-38158.html]
[stephen.iceztech.com/css/font/xcon8158-48158.html]
[stephen.iceztech.com/css/owl.video.play.html]
[stephen.iceztech.com/css/plugins.css]
[stephen.iceztech.com/css/dark.css]
[stephen.iceztech.com/css/style.css]
[stephen.iceztech.com/css/font/xcon8158-58158.html]
[stephen.iceztech.com/js/plugins.js]
[stephen.iceztech.com/img/svg/cancel.svg]
[stephen.iceztech.com/img/svg/archive.svg]
[stephen.iceztech.com/img/svg/contacs.svg]
[stephen.iceztech.com/img/svg/briefcase.svg]
[stephen.iceztech.com/img/svg/gear.svg]
[stephen.iceztech.com/img/svg/letter.svg]
[stephen.iceztech.com/img/svg/shapes/9.svg]
[stephen.iceztech.com/img/svg/shapes/dot-2.svg]
[stephen.iceztech.com/img/svg/shapes/dot.svg]
[stephen.iceztech.com/img/svg/shapes/3.svg]
[stephen.iceztech.com/img/svg/squares.svg]
[stephen.iceztech.com/img/svg/physics.svg]
[stephen.iceztech.com/img/svg/web.svg]
[stephen.iceztech.com/img/svg/user.svg]
[stephen.iceztech.com/img/svg/writing_2.svg]
[stephen.iceztech.com/img/svg/smartphone.svg]
[stephen.iceztech.com/img/svg/placeholder.svg]
[stephen.iceztech.com/cdn-cgi/scripts/5c5dd728/cloudflare-static/email-decode.min.html]
[stephen.iceztech.com/img/hero/1661869748791.jpg]
[maxcdn.bootstrapcdn.com/bootstrap/3.3.7/css/bootstrap.min.css]
[www.google-analytics.com/analytics.js]
[stephen.iceztech.com/css/font/xcon81588158.html]
[stephen.iceztech.com/css/font/xcon8158-28158.html]
[stephen.iceztech.com/css/font/xcon8158-38158.html]
[stephen.iceztech.com/css/font/xcon8158-48158.html]
[stephen.iceztech.com/css/font/xcon8158-58158.html]
[stephen.iceztech.com/css/owl.video.play.html]
[stephen.iceztech.com/htdocs_error/style.html]
[maxcdn.bootstrapcdn.com/bootstrap/3.3.7/css/bootstrap.min.css]
[stephen.iceztech.com/htdocs_error/something-lost.html]
